{
    "forced": false,
    "pusher": {
        "name": "my_user_name"
    },
    "repository": {
        "name": "my_repo_name"
    },
    "created": false,
    "deleted": false,
    "commits": [
        {
            "added": [],
            "author": {
                "name": "Karlwurst Hochberg",
                "email": "karlwurst@happy-tuesday.com"
            },
            "timestamp": "Tue Mar 3 18:43:38 2015 +0100",
            "modified": [
                "Assets/Animations/UI/UIStartScreen/Side.anim",
                "Assets/Materials/CarSelectorTrackgroundGravel.mat",
                "Assets/Materials/CarSelectorTrackgroundMud.mat",
                "Assets/Materials/CarSelectorTrackgroundSnow.mat"
            ],
            "message": "track type visualization\r\n\r\nand optimization for cars (memory / texture lookups)\r\n\r\n",
            "removed": [],
            "id": "193803bd53509e88e08590b98eba66d010ae5530"
        }
    ],
    "after": "my_newrev",
    "ref": "my_refname",
    "head_commit": {
        "added": [],
        "author": {
            "name": "Karlwurst Hochberg",
            "email": "karlwurst@happy-tuesday.com"
        },
        "timestamp": "Tue Mar 3 18:43:38 2015 +0100",
        "modified": [
            "Assets/Animations/UI/UIStartScreen/Side.anim",
            "Assets/Materials/CarSelectorTrackgroundGravel.mat",
            "Assets/Materials/CarSelectorTrackgroundMud.mat",
            "Assets/Materials/CarSelectorTrackgroundSnow.mat"
        ],
        "message": "track type visualization\r\n\r\nand optimization for cars (memory / texture lookups)\r\n\r\n",
        "removed": [],
        "id": "193803bd53509e88e08590b98eba66d010ae5530"
    },
    "before": "my_oldrev"
}
