{
    "after": "my_newrev",
    "before": "my_oldrev",
    "commits": [
        {
            "added": [],
            "author": {
                "email": "mannwurst@happy-tuesday.com",
                "name": "Mannwurst Wildwald"
            },
            "id": "9573a23fc5ec5a0f11350d66701edaa861cb88bc",
            "message": "Fixes straight part evaluation func algo.\r\n\r\n",
            "modified": [
                "Assets/Scripts/VWRA/CourseManager.cs"
            ],
            "removed": [],
            "timestamp": "Tue Mar 3 21:03:56 2015 +0100"
        }
    ],
    "created": false,
    "deleted": false,
    "forced": false,
    "head_commit": {
        "added": [],
        "author": {
            "email": "mannwurst@happy-tuesday.com",
            "name": "Mannwurst Wildwald"
        },
        "id": "9573a23fc5ec5a0f11350d66701edaa861cb88bc",
        "message": "Fixes straight part evaluation func algo.\r\n\r\n",
        "modified": [
            "Assets/Scripts/VWRA/CourseManager.cs"
        ],
        "removed": [],
        "timestamp": "Tue Mar 3 21:03:56 2015 +0100"
    },
    "pusher": {
        "name": "my_user_name"
    },
    "ref": "my_refname",
    "repository": {
        "name": "my_repo_name"
    }
}
